<html>
<body>
<pre>
<h1>µVision Build Log</h1>
<h2>Tool Versions:</h2>
IDE-Version: ¦ÌVision V5.24.2.0
Copyright (C) 2017 ARM Ltd and ARM Germany GmbH. All rights reserved.
License Information: Luo dell-pc, Student, LIC=----
 
Tool Versions:
Toolchain:       MDK-Lite  Version: 5.24.1
Toolchain Path:  F:\Keil\ARM\ARMCC\Bin
C Compiler:      Armcc.exe V5.06 update 5 (build 528)
Assembler:       Armasm.exe V5.06 update 5 (build 528)
Linker/Locator:  ArmLink.exe V5.06 update 5 (build 528)
Library Manager: ArmAr.exe V5.06 update 5 (build 528)
Hex Converter:   FromElf.exe V5.06 update 5 (build 528)
CPU DLL:         SARMCM3.DLL V5.24.1
Dialog DLL:      DCM.DLL V1.16.0.0
Target DLL:      lmidk-agdi.dll V???
Dialog DLL:      TCM.DLL V1.32.0.0
 
<h2>Project:</h2>
C:\Users\dell-pc\Documents\Embedded_Programming\Simple_RTOS_kernel\RTOS.uvprojx
Project File Date:  07/03/2019

<h2>Output:</h2>
*** Using Compiler 'V5.06 update 5 (build 528)', folder: 'F:\Keil\ARM\ARMCC\Bin'
Rebuild target 'dbg'
assembling startup_TM4C123GH6PM.s...
compiling main.c...
miros.h(20): warning:  #1-D: last line of file ends without a newline
  #endif
main.c(39): warning:  #111-D: statement is unreachable
      return 0;
main.c: 2 warnings, 0 errors
compiling miros.c...
miros.h(20): warning:  #1-D: last line of file ends without a newline
  #endif
miros.c(71): warning:  #1-D: last line of file ends without a newline
  }
miros.c: 2 warnings, 0 errors
compiling system_TM4C123GH6PM.c...
compiling bsp.c...
miros.h(20): warning:  #1-D: last line of file ends without a newline
  #endif
bsp.c: 1 warning, 0 errors
linking...
Program Size: Code=1584 RO-data=652 RW-data=16 ZI-data=1456  
".\dbg\RTOS.axf" - 0 Error(s), 5 Warning(s).

<h2>Software Packages used:</h2>

Package Vendor: Keil
                http://www.keil.com/pack/Keil.TM4C_DFP.1.1.0.pack
                Keil.TM4C_DFP.1.1.0
                Texas Instruments Tiva C Series Device Support and Examples

<h2>Collection of Component include folders:</h2>
  .\RTE\_dbg
  F:\Keil\ARM\PACK\Keil\TM4C_DFP\1.1.0\Device\Include\TM4C123

<h2>Collection of Component Files used:</h2>
Build Time Elapsed:  00:00:02
</pre>
</body>
</html>
