###############################################################################
#
# IAR ELF Linker V8.40.1.212/W32 for ARM                  29/Jun/2019  20:33:35
# Copyright 2007-2019 IAR Systems AB.
#
#    Output file  =
#        C:\Users\dell-pc\Documents\Embedded_Programming\SimpleLED\Debug\Exe\Practice1.out
#    Map file     =
#        C:\Users\dell-pc\Documents\Embedded_Programming\SimpleLED\Debug\List\Practice1.map
#    Command line =
#        -f C:\Users\dell-pc\AppData\Local\Temp\EW2919.tmp
#        (C:\Users\dell-pc\Documents\Embedded_Programming\SimpleLED\Debug\Obj\main.o
#        --no_out_extension -o
#        C:\Users\dell-pc\Documents\Embedded_Programming\SimpleLED\Debug\Exe\Practice1.out
#        --redirect _Printf=_PrintfFullNoMb --redirect _Scanf=_ScanfFullNoMb
#        --map
#        C:\Users\dell-pc\Documents\Embedded_Programming\SimpleLED\Debug\List\Practice1.map
#        --config "C:\Program Files (x86)\IAR Systems\Embedded Workbench
#        8.3\arm\config\linker\TexasInstruments\LM4F120E5QR.icf" --semihosting
#        --entry __iar_program_start --vfe --text_out locale)
#
###############################################################################

*******************************************************************************
*** RUNTIME MODEL ATTRIBUTES
***

CppFlavor       = *
__SystemLibrary = DLib
__dlib_version  = 6


*******************************************************************************
*** HEAP SELECTION
***

The basic heap was selected because some modules are built with
size limitations (and not runtime checking), and --advanced_heap
was not specified.


*******************************************************************************
*** PLACEMENT SUMMARY
***

"A0":  place at address 0x0 { ro section .intvec };
"P1":  place in [from 0x0 to 0x1'ffff] { ro };
define block CSTACK with size = 2K, alignment = 8 { };
define block HEAP with size = 8K, alignment = 8 { };
"P2":  place in [from 0x2000'0000 to 0x2000'7fff] {
          rw, block CSTACK, block HEAP };

No sections matched the following patterns:

  rw  in "P2"


  Section   Kind         Address   Size  Object
  -------   ----         -------   ----  ------
"A0":                              0x40
  .intvec   ro code          0x0   0x40  vector_table_M.o [3]
                          - 0x40   0x40

"P1":                              0xe8
  .text     ro code         0x40   0x94  main.o [1]
  .text     ro code         0xd4   0x1e  cmain.o [3]
  .text     ro code         0xf2    0x4  low_level_init.o [2]
  .text     ro code         0xf6    0x4  exit.o [2]
  .text     ro code         0xfa    0x2  vector_table_M.o [3]
  .text     ro code         0xfc    0xa  cexit.o [3]
  .text     ro code        0x108   0x14  exit.o [4]
  .text     ro code        0x11c    0xc  cstartup_M.o [3]
                         - 0x128   0xe8

"P2":                             0x800
  CSTACK             0x2000'0000  0x800  <Block>
    CSTACK  uninit   0x2000'0000  0x800  <Block tail>
                   - 0x2000'0800  0x800

Unused ranges:

         From           To      Size
         ----           --      ----
        0x128     0x1'ffff  0x1'fed8
  0x2000'0800  0x2000'7fff    0x7800



*******************************************************************************
*** MODULE SUMMARY
***

    Module            ro code  rw data
    ------            -------  -------
command line/config:
    ----------------------------------
    Total:

C:\Users\dell-pc\Documents\Embedded_Programming\SimpleLED\Debug\Obj: [1]
    main.o                148
    ----------------------------------
    Total:                148

dl7M_tln.a: [2]
    exit.o                  4
    low_level_init.o        4
    ----------------------------------
    Total:                  8

rt7M_tl.a: [3]
    cexit.o                10
    cmain.o                30
    cstartup_M.o           12
    vector_table_M.o       66
    ----------------------------------
    Total:                118

shb_l.a: [4]
    exit.o                 20
    ----------------------------------
    Total:                 20

    Gaps                    2
    Linker created               2'048
--------------------------------------
    Grand Total:          296    2'048


*******************************************************************************
*** ENTRY LIST
***

Entry                     Address  Size  Type      Object
-----                     -------  ----  ----      ------
?main                        0xd5        Code  Gb  cmain.o [3]
CSTACK$$Base          0x2000'0000         --   Gb  - Linker created -
CSTACK$$Limit         0x2000'0800         --   Gb  - Linker created -
Region$$Table$$Base           0x0         --   Gb  - Linker created -
Region$$Table$$Limit          0x0         --   Gb  - Linker created -
__cmain                      0xd5        Code  Gb  cmain.o [3]
__exit                      0x109  0x14  Code  Gb  exit.o [4]
__iar_program_start         0x11d        Code  Gb  cstartup_M.o [3]
__low_level_init             0xf3   0x4  Code  Gb  low_level_init.o [2]
__vector_table                0x0        Data  Gb  vector_table_M.o [3]
_call_main                   0xe1        Code  Gb  cmain.o [3]
_exit                        0xfd        Code  Gb  cexit.o [3]
_main                        0xef        Code  Gb  cmain.o [3]
exit                         0xf7   0x4  Code  Gb  exit.o [2]
main                         0x41  0x94  Code  Gb  main.o [1]


[1] = C:\Users\dell-pc\Documents\Embedded_Programming\SimpleLED\Debug\Obj
[2] = dl7M_tln.a
[3] = rt7M_tl.a
[4] = shb_l.a

    296 bytes of readonly  code memory
  2'048 bytes of readwrite data memory

Errors: none
Warnings: none
